RAM Allocation [bytes]
Variable                                                                          Address   Size
------------------------------------------------------------------------------------------------

EEPROM Allocation [bytes]
Variable                                                                          Address   Size
------------------------------------------------------------------------------------------------

Register Allocation
Variable                                                                          Register  Size
------------------------------------------------------------------------------------------------
cont                                                                              R4,R5        2

FLASH Allocation [words]
Function                                                                          Address   Size
------------------------------------------------------------------------------------------------
main                                                                              0x00056     71
putchar                                                                           0x0009D      7
put_usart_G100                                                                    0x000A4     11
_print_G100                                                                       0x000AF    285
printf                                                                            0x001CC     32
strlen                                                                            0x001EC     11
strlenf                                                                           0x001F7     12
